// Jest Snapshot v1, https://goo.gl/fbAQLP

exports[`Button component renders Button 1`] = `
<div>
  <button
    class="button "
    type="button"
  >
    button
  </button>
</div>
`;
